14:25:29 **** Clean-only build of configuration Debug for project test ****
make clean 
rm -rf  ./src/helloworld.o  ./src/helloworld.d  test.elf.size  test.elf
 
14:25:30 **** Clean-only build of project test_bsp ****
make -k clean 
make -C ps7_cortexa9_0/libsrc/dmaps_v2_3/src -s clean 
make -C ps7_cortexa9_0/libsrc/ddrps_v1_0/src -s clean 
make -C ps7_cortexa9_0/libsrc/qspips_v3_4/src -s clean 
make -C ps7_cortexa9_0/libsrc/standalone_v6_7/src -s clean 
make -C ps7_cortexa9_0/libsrc/ip_sha3v5_v1_0/src -s clean 
make -C ps7_cortexa9_0/libsrc/scugic_v3_9/src -s clean 
make -C ps7_cortexa9_0/libsrc/uartps_v3_6/src -s clean 
make -C ps7_cortexa9_0/libsrc/iicps_v3_7/src -s clean 
make -C ps7_cortexa9_0/libsrc/xadcps_v2_2/src -s clean 
make -C ps7_cortexa9_0/libsrc/devcfg_v3_5/src -s clean 
make -C ps7_cortexa9_0/libsrc/scuwdt_v2_1/src -s clean 
make -C ps7_cortexa9_0/libsrc/ttcps_v3_6/src -s clean 
make -C ps7_cortexa9_0/libsrc/usbps_v2_4/src -s clean 
make -C ps7_cortexa9_0/libsrc/sdps_v3_5/src -s clean 
make -C ps7_cortexa9_0/libsrc/cpu_cortexa9_v2_6/src -s clean 
make -C ps7_cortexa9_0/libsrc/coresightps_dcc_v1_4/src -s clean 
make -C ps7_cortexa9_0/libsrc/scutimer_v2_1/src -s clean 
rm -f ps7_cortexa9_0/lib/libxil.a
14:25:31 **** Build of project test_bsp ****
make -k all 
Running Make include in ps7_cortexa9_0/libsrc/dmaps_v2_3/src
make -C ps7_cortexa9_0/libsrc/dmaps_v2_3/src -s include  "SHELL=/bin/sh" "COMPILER=arm-none-eabi-gcc" "ARCHIVER=arm-none-eabi-ar" "COMPILER_FLAGS=  -O2 -c" "EXTRA_COMPILER_FLAGS=-mcpu=cortex-a9 -mfpu=vfpv3 -mfloat-abi=hard -nostartfiles -g -Wall -Wextra"
Running Make include in ps7_cortexa9_0/libsrc/ddrps_v1_0/src
make -C ps7_cortexa9_0/libsrc/ddrps_v1_0/src -s include  "SHELL=/bin/sh" "COMPILER=arm-none-eabi-gcc" "ARCHIVER=arm-none-eabi-ar" "COMPILER_FLAGS=  -O2 -c" "EXTRA_COMPILER_FLAGS=-mcpu=cortex-a9 -mfpu=vfpv3 -mfloat-abi=hard -nostartfiles -g -Wall -Wextra"
Running Make include in ps7_cortexa9_0/libsrc/qspips_v3_4/src
make -C ps7_cortexa9_0/libsrc/qspips_v3_4/src -s include  "SHELL=/bin/sh" "COMPILER=arm-none-eabi-gcc" "ARCHIVER=arm-none-eabi-ar" "COMPILER_FLAGS=  -O2 -c" "EXTRA_COMPILER_FLAGS=-mcpu=cortex-a9 -mfpu=vfpv3 -mfloat-abi=hard -nostartfiles -g -Wall -Wextra"
Running Make include in ps7_cortexa9_0/libsrc/standalone_v6_7/src
make -C ps7_cortexa9_0/libsrc/standalone_v6_7/src -s include  "SHELL=/bin/sh" "COMPILER=arm-none-eabi-gcc" "ARCHIVER=arm-none-eabi-ar" "COMPILER_FLAGS=  -O2 -c" "EXTRA_COMPILER_FLAGS=-mcpu=cortex-a9 -mfpu=vfpv3 -mfloat-abi=hard -nostartfiles -g -Wall -Wextra"
Running Make include in ps7_cortexa9_0/libsrc/ip_sha3v5_v1_0/src
make -C ps7_cortexa9_0/libsrc/ip_sha3v5_v1_0/src -s include  "SHELL=/bin/sh" "COMPILER=arm-none-eabi-gcc" "ARCHIVER=arm-none-eabi-ar" "COMPILER_FLAGS=  -O2 -c" "EXTRA_COMPILER_FLAGS=-mcpu=cortex-a9 -mfpu=vfpv3 -mfloat-abi=hard -nostartfiles -g -Wall -Wextra"
Running Make include in ps7_cortexa9_0/libsrc/scugic_v3_9/src
make -C ps7_cortexa9_0/libsrc/scugic_v3_9/src -s include  "SHELL=/bin/sh" "COMPILER=arm-none-eabi-gcc" "ARCHIVER=arm-none-eabi-ar" "COMPILER_FLAGS=  -O2 -c" "EXTRA_COMPILER_FLAGS=-mcpu=cortex-a9 -mfpu=vfpv3 -mfloat-abi=hard -nostartfiles -g -Wall -Wextra"
Running Make include in ps7_cortexa9_0/libsrc/uartps_v3_6/src
make -C ps7_cortexa9_0/libsrc/uartps_v3_6/src -s include  "SHELL=/bin/sh" "COMPILER=arm-none-eabi-gcc" "ARCHIVER=arm-none-eabi-ar" "COMPILER_FLAGS=  -O2 -c" "EXTRA_COMPILER_FLAGS=-mcpu=cortex-a9 -mfpu=vfpv3 -mfloat-abi=hard -nostartfiles -g -Wall -Wextra"
Running Make include in ps7_cortexa9_0/libsrc/iicps_v3_7/src
make -C ps7_cortexa9_0/libsrc/iicps_v3_7/src -s include  "SHELL=/bin/sh" "COMPILER=arm-none-eabi-gcc" "ARCHIVER=arm-none-eabi-ar" "COMPILER_FLAGS=  -O2 -c" "EXTRA_COMPILER_FLAGS=-mcpu=cortex-a9 -mfpu=vfpv3 -mfloat-abi=hard -nostartfiles -g -Wall -Wextra"
Running Make include in ps7_cortexa9_0/libsrc/xadcps_v2_2/src
make -C ps7_cortexa9_0/libsrc/xadcps_v2_2/src -s include  "SHELL=/bin/sh" "COMPILER=arm-none-eabi-gcc" "ARCHIVER=arm-none-eabi-ar" "COMPILER_FLAGS=  -O2 -c" "EXTRA_COMPILER_FLAGS=-mcpu=cortex-a9 -mfpu=vfpv3 -mfloat-abi=hard -nostartfiles -g -Wall -Wextra"
Running Make include in ps7_cortexa9_0/libsrc/devcfg_v3_5/src
make -C ps7_cortexa9_0/libsrc/devcfg_v3_5/src -s include  "SHELL=/bin/sh" "COMPILER=arm-none-eabi-gcc" "ARCHIVER=arm-none-eabi-ar" "COMPILER_FLAGS=  -O2 -c" "EXTRA_COMPILER_FLAGS=-mcpu=cortex-a9 -mfpu=vfpv3 -mfloat-abi=hard -nostartfiles -g -Wall -Wextra"
Running Make include in ps7_cortexa9_0/libsrc/scuwdt_v2_1/src
make -C ps7_cortexa9_0/libsrc/scuwdt_v2_1/src -s include  "SHELL=/bin/sh" "COMPILER=arm-none-eabi-gcc" "ARCHIVER=arm-none-eabi-ar" "COMPILER_FLAGS=  -O2 -c" "EXTRA_COMPILER_FLAGS=-mcpu=cortex-a9 -mfpu=vfpv3 -mfloat-abi=hard -nostartfiles -g -Wall -Wextra"
Running Make include in ps7_cortexa9_0/libsrc/ttcps_v3_6/src
make -C ps7_cortexa9_0/libsrc/ttcps_v3_6/src -s include  "SHELL=/bin/sh" "COMPILER=arm-none-eabi-gcc" "ARCHIVER=arm-none-eabi-ar" "COMPILER_FLAGS=  -O2 -c" "EXTRA_COMPILER_FLAGS=-mcpu=cortex-a9 -mfpu=vfpv3 -mfloat-abi=hard -nostartfiles -g -Wall -Wextra"
Running Make include in ps7_cortexa9_0/libsrc/usbps_v2_4/src
make -C ps7_cortexa9_0/libsrc/usbps_v2_4/src -s include  "SHELL=/bin/sh" "COMPILER=arm-none-eabi-gcc" "ARCHIVER=arm-none-eabi-ar" "COMPILER_FLAGS=  -O2 -c" "EXTRA_COMPILER_FLAGS=-mcpu=cortex-a9 -mfpu=vfpv3 -mfloat-abi=hard -nostartfiles -g -Wall -Wextra"
Running Make include in ps7_cortexa9_0/libsrc/sdps_v3_5/src
make -C ps7_cortexa9_0/libsrc/sdps_v3_5/src -s include  "SHELL=/bin/sh" "COMPILER=arm-none-eabi-gcc" "ARCHIVER=arm-none-eabi-ar" "COMPILER_FLAGS=  -O2 -c" "EXTRA_COMPILER_FLAGS=-mcpu=cortex-a9 -mfpu=vfpv3 -mfloat-abi=hard -nostartfiles -g -Wall -Wextra"
Running Make include in ps7_cortexa9_0/libsrc/cpu_cortexa9_v2_6/src
make -C ps7_cortexa9_0/libsrc/cpu_cortexa9_v2_6/src -s include  "SHELL=/bin/sh" "COMPILER=arm-none-eabi-gcc" "ARCHIVER=arm-none-eabi-ar" "COMPILER_FLAGS=  -O2 -c" "EXTRA_COMPILER_FLAGS=-mcpu=cortex-a9 -mfpu=vfpv3 -mfloat-abi=hard -nostartfiles -g -Wall -Wextra"
Running Make include in ps7_cortexa9_0/libsrc/coresightps_dcc_v1_4/src
make -C ps7_cortexa9_0/libsrc/coresightps_dcc_v1_4/src -s include  "SHELL=/bin/sh" "COMPILER=arm-none-eabi-gcc" "ARCHIVER=arm-none-eabi-ar" "COMPILER_FLAGS=  -O2 -c" "EXTRA_COMPILER_FLAGS=-mcpu=cortex-a9 -mfpu=vfpv3 -mfloat-abi=hard -nostartfiles -g -Wall -Wextra"
Running Make include in ps7_cortexa9_0/libsrc/scutimer_v2_1/src
make -C ps7_cortexa9_0/libsrc/scutimer_v2_1/src -s include  "SHELL=/bin/sh" "COMPILER=arm-none-eabi-gcc" "ARCHIVER=arm-none-eabi-ar" "COMPILER_FLAGS=  -O2 -c" "EXTRA_COMPILER_FLAGS=-mcpu=cortex-a9 -mfpu=vfpv3 -mfloat-abi=hard -nostartfiles -g -Wall -Wextra"
Running Make libs in ps7_cortexa9_0/libsrc/dmaps_v2_3/src
make -C ps7_cortexa9_0/libsrc/dmaps_v2_3/src -s libs  "SHELL=/bin/sh" "COMPILER=arm-none-eabi-gcc" "ARCHIVER=arm-none-eabi-ar" "COMPILER_FLAGS=  -O2 -c" "EXTRA_COMPILER_FLAGS=-mcpu=cortex-a9 -mfpu=vfpv3 -mfloat-abi=hard -nostartfiles -g -Wall -Wextra"
Compiling dmaps
arm-none-eabi-ar: создаётся ../../../lib/libxil.a
Running Make libs in ps7_cortexa9_0/libsrc/ddrps_v1_0/src
make -C ps7_cortexa9_0/libsrc/ddrps_v1_0/src -s libs  "SHELL=/bin/sh" "COMPILER=arm-none-eabi-gcc" "ARCHIVER=arm-none-eabi-ar" "COMPILER_FLAGS=  -O2 -c" "EXTRA_COMPILER_FLAGS=-mcpu=cortex-a9 -mfpu=vfpv3 -mfloat-abi=hard -nostartfiles -g -Wall -Wextra"
Compiling ddrps
Running Make libs in ps7_cortexa9_0/libsrc/qspips_v3_4/src
make -C ps7_cortexa9_0/libsrc/qspips_v3_4/src -s libs  "SHELL=/bin/sh" "COMPILER=arm-none-eabi-gcc" "ARCHIVER=arm-none-eabi-ar" "COMPILER_FLAGS=  -O2 -c" "EXTRA_COMPILER_FLAGS=-mcpu=cortex-a9 -mfpu=vfpv3 -mfloat-abi=hard -nostartfiles -g -Wall -Wextra"
Compiling qspips
Running Make libs in ps7_cortexa9_0/libsrc/standalone_v6_7/src
make -C ps7_cortexa9_0/libsrc/standalone_v6_7/src -s libs  "SHELL=/bin/sh" "COMPILER=arm-none-eabi-gcc" "ARCHIVER=arm-none-eabi-ar" "COMPILER_FLAGS=  -O2 -c" "EXTRA_COMPILER_FLAGS=-mcpu=cortex-a9 -mfpu=vfpv3 -mfloat-abi=hard -nostartfiles -g -Wall -Wextra"
Compiling standalone
In file included from xtime_l.c:53:0:
xtime_l.h:89:9: note: #pragma message: For the sleep routines, Global timer is being used
 #pragma message ("For the sleep routines, Global timer is being used")
         ^~~~~~~
In file included from sleep.c:57:0:
xtime_l.h:89:9: note: #pragma message: For the sleep routines, Global timer is being used
 #pragma message ("For the sleep routines, Global timer is being used")
         ^~~~~~~
In file included from xil_sleeptimer.c:55:0:
xtime_l.h:89:9: note: #pragma message: For the sleep routines, Global timer is being used
 #pragma message ("For the sleep routines, Global timer is being used")
         ^~~~~~~
In file included from usleep.c:60:0:
xtime_l.h:89:9: note: #pragma message: For the sleep routines, Global timer is being used
 #pragma message ("For the sleep routines, Global timer is being used")
         ^~~~~~~
Running Make libs in ps7_cortexa9_0/libsrc/ip_sha3v5_v1_0/src
make -C ps7_cortexa9_0/libsrc/ip_sha3v5_v1_0/src -s libs  "SHELL=/bin/sh" "COMPILER=arm-none-eabi-gcc" "ARCHIVER=arm-none-eabi-ar" "COMPILER_FLAGS=  -O2 -c" "EXTRA_COMPILER_FLAGS=-mcpu=cortex-a9 -mfpu=vfpv3 -mfloat-abi=hard -nostartfiles -g -Wall -Wextra"
Compiling ip_sha3v5...
ip_sha3v5_selftest.c: In function 'IP_SHA3V5_Reg_SelfTest':
ip_sha3v5_selftest.c:52:58: warning: comparison between signed and unsigned integer expressions [-Wsign-compare]
    if ( IP_SHA3V5_mReadReg (baseaddr, read_loop_index*4) != (read_loop_index+1)*READ_WRITE_MUL_FACTOR){
                                                          ^~
ip_sha3v5_selftest.c:36:6: warning: unused variable 'Index' [-Wunused-variable]
  int Index;
      ^~~~~
Running Make libs in ps7_cortexa9_0/libsrc/scugic_v3_9/src
make -C ps7_cortexa9_0/libsrc/scugic_v3_9/src -s libs  "SHELL=/bin/sh" "COMPILER=arm-none-eabi-gcc" "ARCHIVER=arm-none-eabi-ar" "COMPILER_FLAGS=  -O2 -c" "EXTRA_COMPILER_FLAGS=-mcpu=cortex-a9 -mfpu=vfpv3 -mfloat-abi=hard -nostartfiles -g -Wall -Wextra"
Compiling scugic
Running Make libs in ps7_cortexa9_0/libsrc/uartps_v3_6/src
make -C ps7_cortexa9_0/libsrc/uartps_v3_6/src -s libs  "SHELL=/bin/sh" "COMPILER=arm-none-eabi-gcc" "ARCHIVER=arm-none-eabi-ar" "COMPILER_FLAGS=  -O2 -c" "EXTRA_COMPILER_FLAGS=-mcpu=cortex-a9 -mfpu=vfpv3 -mfloat-abi=hard -nostartfiles -g -Wall -Wextra"
Compiling uartps
Running Make libs in ps7_cortexa9_0/libsrc/iicps_v3_7/src
make -C ps7_cortexa9_0/libsrc/iicps_v3_7/src -s libs  "SHELL=/bin/sh" "COMPILER=arm-none-eabi-gcc" "ARCHIVER=arm-none-eabi-ar" "COMPILER_FLAGS=  -O2 -c" "EXTRA_COMPILER_FLAGS=-mcpu=cortex-a9 -mfpu=vfpv3 -mfloat-abi=hard -nostartfiles -g -Wall -Wextra"
Compiling iicps
Running Make libs in ps7_cortexa9_0/libsrc/xadcps_v2_2/src
make -C ps7_cortexa9_0/libsrc/xadcps_v2_2/src -s libs  "SHELL=/bin/sh" "COMPILER=arm-none-eabi-gcc" "ARCHIVER=arm-none-eabi-ar" "COMPILER_FLAGS=  -O2 -c" "EXTRA_COMPILER_FLAGS=-mcpu=cortex-a9 -mfpu=vfpv3 -mfloat-abi=hard -nostartfiles -g -Wall -Wextra"
Compiling xadcps
Running Make libs in ps7_cortexa9_0/libsrc/devcfg_v3_5/src
make -C ps7_cortexa9_0/libsrc/devcfg_v3_5/src -s libs  "SHELL=/bin/sh" "COMPILER=arm-none-eabi-gcc" "ARCHIVER=arm-none-eabi-ar" "COMPILER_FLAGS=  -O2 -c" "EXTRA_COMPILER_FLAGS=-mcpu=cortex-a9 -mfpu=vfpv3 -mfloat-abi=hard -nostartfiles -g -Wall -Wextra"
Compiling devcfg
Running Make libs in ps7_cortexa9_0/libsrc/scuwdt_v2_1/src
make -C ps7_cortexa9_0/libsrc/scuwdt_v2_1/src -s libs  "SHELL=/bin/sh" "COMPILER=arm-none-eabi-gcc" "ARCHIVER=arm-none-eabi-ar" "COMPILER_FLAGS=  -O2 -c" "EXTRA_COMPILER_FLAGS=-mcpu=cortex-a9 -mfpu=vfpv3 -mfloat-abi=hard -nostartfiles -g -Wall -Wextra"
Compiling scuwdt
Running Make libs in ps7_cortexa9_0/libsrc/ttcps_v3_6/src
make -C ps7_cortexa9_0/libsrc/ttcps_v3_6/src -s libs  "SHELL=/bin/sh" "COMPILER=arm-none-eabi-gcc" "ARCHIVER=arm-none-eabi-ar" "COMPILER_FLAGS=  -O2 -c" "EXTRA_COMPILER_FLAGS=-mcpu=cortex-a9 -mfpu=vfpv3 -mfloat-abi=hard -nostartfiles -g -Wall -Wextra"
Compiling ttcps
Running Make libs in ps7_cortexa9_0/libsrc/usbps_v2_4/src
make -C ps7_cortexa9_0/libsrc/usbps_v2_4/src -s libs  "SHELL=/bin/sh" "COMPILER=arm-none-eabi-gcc" "ARCHIVER=arm-none-eabi-ar" "COMPILER_FLAGS=  -O2 -c" "EXTRA_COMPILER_FLAGS=-mcpu=cortex-a9 -mfpu=vfpv3 -mfloat-abi=hard -nostartfiles -g -Wall -Wextra"
Compiling usbps
Running Make libs in ps7_cortexa9_0/libsrc/sdps_v3_5/src
make -C ps7_cortexa9_0/libsrc/sdps_v3_5/src -s libs  "SHELL=/bin/sh" "COMPILER=arm-none-eabi-gcc" "ARCHIVER=arm-none-eabi-ar" "COMPILER_FLAGS=  -O2 -c" "EXTRA_COMPILER_FLAGS=-mcpu=cortex-a9 -mfpu=vfpv3 -mfloat-abi=hard -nostartfiles -g -Wall -Wextra"
Compiling sdps
Running Make libs in ps7_cortexa9_0/libsrc/cpu_cortexa9_v2_6/src
make -C ps7_cortexa9_0/libsrc/cpu_cortexa9_v2_6/src -s libs  "SHELL=/bin/sh" "COMPILER=arm-none-eabi-gcc" "ARCHIVER=arm-none-eabi-ar" "COMPILER_FLAGS=  -O2 -c" "EXTRA_COMPILER_FLAGS=-mcpu=cortex-a9 -mfpu=vfpv3 -mfloat-abi=hard -nostartfiles -g -Wall -Wextra"
Compiling cpu_cortexa9
Running Make libs in ps7_cortexa9_0/libsrc/coresightps_dcc_v1_4/src
make -C ps7_cortexa9_0/libsrc/coresightps_dcc_v1_4/src -s libs  "SHELL=/bin/sh" "COMPILER=arm-none-eabi-gcc" "ARCHIVER=arm-none-eabi-ar" "COMPILER_FLAGS=  -O2 -c" "EXTRA_COMPILER_FLAGS=-mcpu=cortex-a9 -mfpu=vfpv3 -mfloat-abi=hard -nostartfiles -g -Wall -Wextra"
Compiling coresightps_dcc
Running Make libs in ps7_cortexa9_0/libsrc/scutimer_v2_1/src
make -C ps7_cortexa9_0/libsrc/scutimer_v2_1/src -s libs  "SHELL=/bin/sh" "COMPILER=arm-none-eabi-gcc" "ARCHIVER=arm-none-eabi-ar" "COMPILER_FLAGS=  -O2 -c" "EXTRA_COMPILER_FLAGS=-mcpu=cortex-a9 -mfpu=vfpv3 -mfloat-abi=hard -nostartfiles -g -Wall -Wextra"
Compiling scutimer
Finished building libraries
14:25:39 **** Build of configuration Debug for project test ****
make pre-build main-build 
a9-linaro-pre-build-step
 
Building file: ../src/helloworld.c
Invoking: ARM v7 gcc compiler
arm-none-eabi-gcc -Wall -O0 -g3 -c -fmessage-length=0 -MT"src/helloworld.o" -mcpu=cortex-a9 -mfpu=vfpv3 -mfloat-abi=hard -I../../test_bsp/ps7_cortexa9_0/include -MMD -MP -MF"src/helloworld.d" -MT"src/helloworld.o" -o "src/helloworld.o" "../src/helloworld.c"
../src/helloworld.c: In function 'main':
../src/helloworld.c:81:12: warning: format '%x' expects argument of type 'unsigned int', but argument 2 has type 'u32 {aka long unsigned int}' [-Wformat=]
   printf("%x ",IP_SHA3V5_mReadReg(BaseAddress, 4*4+i*4));
           ~^
           %lx
../src/helloworld.c:88:12: warning: format '%x' expects argument of type 'unsigned int', but argument 2 has type 'u32 {aka long unsigned int}' [-Wformat=]
   printf("%x ",IP_SHA3V5_mReadReg(BaseAddress, 4*4+i*4));
           ~^
           %lx
../src/helloworld.c:95:12: warning: format '%x' expects argument of type 'unsigned int', but argument 2 has type 'u32 {aka long unsigned int}' [-Wformat=]
   printf("%x ",IP_SHA3V5_mReadReg(BaseAddress, 4*4+i*4));
           ~^
           %lx
../src/helloworld.c:103:19: warning: format '%x' expects argument of type 'unsigned int', but argument 2 has type 'u32 {aka long unsigned int}' [-Wformat=]
  printf("\nreg48=%x\n",t1);
                  ~^
                  %lx
../src/helloworld.c:105:18: warning: format '%x' expects argument of type 'unsigned int', but argument 2 has type 'u32 {aka long unsigned int}' [-Wformat=]
  printf("reg350=%x\n",t2);
                 ~^
                 %lx
../src/helloworld.c:106:2: warning: implicit declaration of function 'IP_SHA3V3_mWriteReg'; did you mean 'IP_SHA3V5_mWriteReg'? [-Wimplicit-function-declaration]
  IP_SHA3V3_mWriteReg(BaseAddress, 2*4, 0x00000000);//start=0
  ^~~~~~~~~~~~~~~~~~~
  IP_SHA3V5_mWriteReg
../src/helloworld.c:108:17: warning: format '%x' expects argument of type 'unsigned int', but argument 2 has type 'u32 {aka long unsigned int}' [-Wformat=]
  printf("reg49=%x\n",t);
                ~^
                %lx
../src/helloworld.c:112:17: warning: format '%x' expects argument of type 'unsigned int', but argument 2 has type 'u32 {aka long unsigned int}' [-Wformat=]
  printf("reg48=%x\n",t1);
                ~^
                %lx
../src/helloworld.c:178:13: warning: format '%x' expects argument of type 'unsigned int', but argument 2 has type 'u32 {aka long unsigned int}' [-Wformat=]
    printf("%x %x %x %x %x (%d,%d) %x %x\n",data_in,p,o,z,u,row,col,y,m);
            ~^
            %lx
../src/helloworld.c:178:16: warning: format '%x' expects argument of type 'unsigned int', but argument 3 has type 'u32 {aka long unsigned int}' [-Wformat=]
    printf("%x %x %x %x %x (%d,%d) %x %x\n",data_in,p,o,z,u,row,col,y,m);
               ~^
               %lx
../src/helloworld.c:178:19: warning: format '%x' expects argument of type 'unsigned int', but argument 4 has type 'u32 {aka long unsigned int}' [-Wformat=]
    printf("%x %x %x %x %x (%d,%d) %x %x\n",data_in,p,o,z,u,row,col,y,m);
                  ~^
                  %lx
../src/helloworld.c:178:22: warning: format '%x' expects argument of type 'unsigned int', but argument 5 has type 'u32 {aka long unsigned int}' [-Wformat=]
    printf("%x %x %x %x %x (%d,%d) %x %x\n",data_in,p,o,z,u,row,col,y,m);
                     ~^
                     %lx
../src/helloworld.c:178:25: warning: format '%x' expects argument of type 'unsigned int', but argument 6 has type 'u32 {aka long unsigned int}' [-Wformat=]
    printf("%x %x %x %x %x (%d,%d) %x %x\n",data_in,p,o,z,u,row,col,y,m);
                        ~^
                        %lx
../src/helloworld.c:178:29: warning: format '%d' expects argument of type 'int', but argument 7 has type 'u32 {aka long unsigned int}' [-Wformat=]
    printf("%x %x %x %x %x (%d,%d) %x %x\n",data_in,p,o,z,u,row,col,y,m);
                            ~^
                            %ld
../src/helloworld.c:178:32: warning: format '%d' expects argument of type 'int', but argument 8 has type 'u32 {aka long unsigned int}' [-Wformat=]
    printf("%x %x %x %x %x (%d,%d) %x %x\n",data_in,p,o,z,u,row,col,y,m);
                               ~^
                               %ld
../src/helloworld.c:178:36: warning: format '%x' expects argument of type 'unsigned int', but argument 9 has type 'u32 {aka long unsigned int}' [-Wformat=]
    printf("%x %x %x %x %x (%d,%d) %x %x\n",data_in,p,o,z,u,row,col,y,m);
                                   ~^
                                   %lx
../src/helloworld.c:178:39: warning: format '%x' expects argument of type 'unsigned int', but argument 10 has type 'u32 {aka long unsigned int}' [-Wformat=]
    printf("%x %x %x %x %x (%d,%d) %x %x\n",data_in,p,o,z,u,row,col,y,m);
                                      ~^
                                      %lx
../src/helloworld.c:182:12: warning: format '%x' expects argument of type 'unsigned int', but argument 2 has type 'u32 {aka long unsigned int}' [-Wformat=]
   printf("%x\n",IP_SHA3V5_mReadReg(BaseAddress, 40*4+ i*4));
           ~^
           %lx
../src/helloworld.c:185:17: warning: format '%x' expects argument of type 'unsigned int', but argument 2 has type 'u32 {aka long unsigned int}' [-Wformat=]
  printf("reg48=%x\n",t1);
                ~^
                %lx
../src/helloworld.c:187:18: warning: format '%x' expects argument of type 'unsigned int', but argument 2 has type 'u32 {aka long unsigned int}' [-Wformat=]
  printf("reg350=%x\n",t2);
                 ~^
                 %lx
../src/helloworld.c:192:18: warning: format '%x' expects argument of type 'unsigned int', but argument 2 has type 'u32 {aka long unsigned int}' [-Wformat=]
  printf("reg350=%x\n",t2);
                 ~^
                 %lx
../src/helloworld.c:194:17: warning: format '%x' expects argument of type 'unsigned int', but argument 2 has type 'u32 {aka long unsigned int}' [-Wformat=]
  printf("reg48=%x\n",t1);
                ~^
                %lx
../src/helloworld.c:62:11: warning: unused variable 'out' [-Wunused-variable]
  uint64_t out;
           ^~~
Finished building: ../src/helloworld.c
 
Building target: test.elf
Invoking: ARM v7 gcc linker
arm-none-eabi-gcc -mcpu=cortex-a9 -mfpu=vfpv3 -mfloat-abi=hard -Wl,-build-id=none -specs=Xilinx.spec -Wl,-T -Wl,../src/lscript.ld -L../../test_bsp/ps7_cortexa9_0/lib -o "test.elf"  ./src/helloworld.o   -Wl,--start-group,-lxil,-lgcc,-lc,--end-group
./src/helloworld.o: In function `main':
/home/anzhelika/projekt/diplom/debug_progectv5/debug_sha3/debug_sha3.sdk/test/Debug/../src/helloworld.c:106: undefined reference to `IP_SHA3V3_mWriteReg'
makefile:39: ошибка выполнения рецепта для цели «test.elf»
collect2: error: ld returned 1 exit status
make: *** [test.elf] Ошибка 1
14:26:09 **** Auto Build of configuration Debug for project test ****
make pre-build main-build 
a9-linaro-pre-build-step
 
Building file: ../src/helloworld.c
Invoking: ARM v7 gcc compiler
arm-none-eabi-gcc -Wall -O0 -g3 -c -fmessage-length=0 -MT"src/helloworld.o" -mcpu=cortex-a9 -mfpu=vfpv3 -mfloat-abi=hard -I../../test_bsp/ps7_cortexa9_0/include -MMD -MP -MF"src/helloworld.d" -MT"src/helloworld.o" -o "src/helloworld.o" "../src/helloworld.c"
../src/helloworld.c: In function 'main':
../src/helloworld.c:81:12: warning: format '%x' expects argument of type 'unsigned int', but argument 2 has type 'u32 {aka long unsigned int}' [-Wformat=]
   printf("%x ",IP_SHA3V5_mReadReg(BaseAddress, 4*4+i*4));
           ~^
           %lx
../src/helloworld.c:88:12: warning: format '%x' expects argument of type 'unsigned int', but argument 2 has type 'u32 {aka long unsigned int}' [-Wformat=]
   printf("%x ",IP_SHA3V5_mReadReg(BaseAddress, 4*4+i*4));
           ~^
           %lx
../src/helloworld.c:95:12: warning: format '%x' expects argument of type 'unsigned int', but argument 2 has type 'u32 {aka long unsigned int}' [-Wformat=]
   printf("%x ",IP_SHA3V5_mReadReg(BaseAddress, 4*4+i*4));
           ~^
           %lx
../src/helloworld.c:103:19: warning: format '%x' expects argument of type 'unsigned int', but argument 2 has type 'u32 {aka long unsigned int}' [-Wformat=]
  printf("\nreg48=%x\n",t1);
                  ~^
                  %lx
../src/helloworld.c:105:18: warning: format '%x' expects argument of type 'unsigned int', but argument 2 has type 'u32 {aka long unsigned int}' [-Wformat=]
  printf("reg350=%x\n",t2);
                 ~^
                 %lx
../src/helloworld.c:108:17: warning: format '%x' expects argument of type 'unsigned int', but argument 2 has type 'u32 {aka long unsigned int}' [-Wformat=]
  printf("reg49=%x\n",t);
                ~^
                %lx
../src/helloworld.c:112:17: warning: format '%x' expects argument of type 'unsigned int', but argument 2 has type 'u32 {aka long unsigned int}' [-Wformat=]
  printf("reg48=%x\n",t1);
                ~^
                %lx
../src/helloworld.c:178:13: warning: format '%x' expects argument of type 'unsigned int', but argument 2 has type 'u32 {aka long unsigned int}' [-Wformat=]
    printf("%x %x %x %x %x (%d,%d) %x %x\n",data_in,p,o,z,u,row,col,y,m);
            ~^
            %lx
../src/helloworld.c:178:16: warning: format '%x' expects argument of type 'unsigned int', but argument 3 has type 'u32 {aka long unsigned int}' [-Wformat=]
    printf("%x %x %x %x %x (%d,%d) %x %x\n",data_in,p,o,z,u,row,col,y,m);
               ~^
               %lx
../src/helloworld.c:178:19: warning: format '%x' expects argument of type 'unsigned int', but argument 4 has type 'u32 {aka long unsigned int}' [-Wformat=]
    printf("%x %x %x %x %x (%d,%d) %x %x\n",data_in,p,o,z,u,row,col,y,m);
                  ~^
                  %lx
../src/helloworld.c:178:22: warning: format '%x' expects argument of type 'unsigned int', but argument 5 has type 'u32 {aka long unsigned int}' [-Wformat=]
    printf("%x %x %x %x %x (%d,%d) %x %x\n",data_in,p,o,z,u,row,col,y,m);
                     ~^
                     %lx
../src/helloworld.c:178:25: warning: format '%x' expects argument of type 'unsigned int', but argument 6 has type 'u32 {aka long unsigned int}' [-Wformat=]
    printf("%x %x %x %x %x (%d,%d) %x %x\n",data_in,p,o,z,u,row,col,y,m);
                        ~^
                        %lx
../src/helloworld.c:178:29: warning: format '%d' expects argument of type 'int', but argument 7 has type 'u32 {aka long unsigned int}' [-Wformat=]
    printf("%x %x %x %x %x (%d,%d) %x %x\n",data_in,p,o,z,u,row,col,y,m);
                            ~^
                            %ld
../src/helloworld.c:178:32: warning: format '%d' expects argument of type 'int', but argument 8 has type 'u32 {aka long unsigned int}' [-Wformat=]
    printf("%x %x %x %x %x (%d,%d) %x %x\n",data_in,p,o,z,u,row,col,y,m);
                               ~^
                               %ld
../src/helloworld.c:178:36: warning: format '%x' expects argument of type 'unsigned int', but argument 9 has type 'u32 {aka long unsigned int}' [-Wformat=]
    printf("%x %x %x %x %x (%d,%d) %x %x\n",data_in,p,o,z,u,row,col,y,m);
                                   ~^
                                   %lx
../src/helloworld.c:178:39: warning: format '%x' expects argument of type 'unsigned int', but argument 10 has type 'u32 {aka long unsigned int}' [-Wformat=]
    printf("%x %x %x %x %x (%d,%d) %x %x\n",data_in,p,o,z,u,row,col,y,m);
                                      ~^
                                      %lx
../src/helloworld.c:182:12: warning: format '%x' expects argument of type 'unsigned int', but argument 2 has type 'u32 {aka long unsigned int}' [-Wformat=]
   printf("%x\n",IP_SHA3V5_mReadReg(BaseAddress, 40*4+ i*4));
           ~^
           %lx
../src/helloworld.c:185:17: warning: format '%x' expects argument of type 'unsigned int', but argument 2 has type 'u32 {aka long unsigned int}' [-Wformat=]
  printf("reg48=%x\n",t1);
                ~^
                %lx
../src/helloworld.c:187:18: warning: format '%x' expects argument of type 'unsigned int', but argument 2 has type 'u32 {aka long unsigned int}' [-Wformat=]
  printf("reg350=%x\n",t2);
                 ~^
                 %lx
../src/helloworld.c:192:18: warning: format '%x' expects argument of type 'unsigned int', but argument 2 has type 'u32 {aka long unsigned int}' [-Wformat=]
  printf("reg350=%x\n",t2);
                 ~^
                 %lx
../src/helloworld.c:194:17: warning: format '%x' expects argument of type 'unsigned int', but argument 2 has type 'u32 {aka long unsigned int}' [-Wformat=]
  printf("reg48=%x\n",t1);
                ~^
                %lx
../src/helloworld.c:62:11: warning: unused variable 'out' [-Wunused-variable]
  uint64_t out;
           ^~~
Finished building: ../src/helloworld.c
 
Building target: test.elf
Invoking: ARM v7 gcc linker
arm-none-eabi-gcc -mcpu=cortex-a9 -mfpu=vfpv3 -mfloat-abi=hard -Wl,-build-id=none -specs=Xilinx.spec -Wl,-T -Wl,../src/lscript.ld -L../../test_bsp/ps7_cortexa9_0/lib -o "test.elf"  ./src/helloworld.o   -Wl,--start-group,-lxil,-lgcc,-lc,--end-group
Finished building target: test.elf
 
Invoking: ARM v7 Print Size
arm-none-eabi-size test.elf  |tee "test.elf.size"
   text	   data	    bss	    dec	    hex	filename
  72824	   2580	  23328	  98732	  181ac	test.elf
Finished building: test.elf.size
 
14:26:25 **** Incremental Build of configuration Debug for project test ****
make pre-build main-build 
a9-linaro-pre-build-step
 
make: Цель «main-build» не требует выполнения команд.
14:36:24 **** Incremental Build of configuration Debug for project test ****
make pre-build main-build 
a9-linaro-pre-build-step
 
make: Цель «main-build» не требует выполнения команд.
14:37:06 **** Auto Build of configuration Debug for project test ****
make pre-build main-build 
a9-linaro-pre-build-step
 
Building file: ../src/helloworld.c
Invoking: ARM v7 gcc compiler
arm-none-eabi-gcc -Wall -O0 -g3 -c -fmessage-length=0 -MT"src/helloworld.o" -mcpu=cortex-a9 -mfpu=vfpv3 -mfloat-abi=hard -I../../test_bsp/ps7_cortexa9_0/include -MMD -MP -MF"src/helloworld.d" -MT"src/helloworld.o" -o "src/helloworld.o" "../src/helloworld.c"
../src/helloworld.c: In function 'main':
../src/helloworld.c:81:12: warning: format '%x' expects argument of type 'unsigned int', but argument 2 has type 'u32 {aka long unsigned int}' [-Wformat=]
   printf("%x ",IP_SHA3V5_mReadReg(BaseAddress, 4*4+i*4));
           ~^
           %lx
../src/helloworld.c:90:19: warning: format '%x' expects argument of type 'unsigned int', but argument 2 has type 'u32 {aka long unsigned int}' [-Wformat=]
  printf("\nreg48=%x\n",t1);
                  ~^
                  %lx
../src/helloworld.c:92:18: warning: format '%x' expects argument of type 'unsigned int', but argument 2 has type 'u32 {aka long unsigned int}' [-Wformat=]
  printf("reg350=%x\n",t2);
                 ~^
                 %lx
../src/helloworld.c:95:17: warning: format '%x' expects argument of type 'unsigned int', but argument 2 has type 'u32 {aka long unsigned int}' [-Wformat=]
  printf("reg49=%x\n",t);
                ~^
                %lx
../src/helloworld.c:99:17: warning: format '%x' expects argument of type 'unsigned int', but argument 2 has type 'u32 {aka long unsigned int}' [-Wformat=]
  printf("reg48=%x\n",t1);
                ~^
                %lx
../src/helloworld.c:165:13: warning: format '%x' expects argument of type 'unsigned int', but argument 2 has type 'u32 {aka long unsigned int}' [-Wformat=]
    printf("%x %x %x %x %x (%d,%d) %x %x\n",data_in,p,o,z,u,row,col,y,m);
            ~^
            %lx
../src/helloworld.c:165:16: warning: format '%x' expects argument of type 'unsigned int', but argument 3 has type 'u32 {aka long unsigned int}' [-Wformat=]
    printf("%x %x %x %x %x (%d,%d) %x %x\n",data_in,p,o,z,u,row,col,y,m);
               ~^
               %lx
../src/helloworld.c:165:19: warning: format '%x' expects argument of type 'unsigned int', but argument 4 has type 'u32 {aka long unsigned int}' [-Wformat=]
    printf("%x %x %x %x %x (%d,%d) %x %x\n",data_in,p,o,z,u,row,col,y,m);
                  ~^
                  %lx
../src/helloworld.c:165:22: warning: format '%x' expects argument of type 'unsigned int', but argument 5 has type 'u32 {aka long unsigned int}' [-Wformat=]
    printf("%x %x %x %x %x (%d,%d) %x %x\n",data_in,p,o,z,u,row,col,y,m);
                     ~^
                     %lx
../src/helloworld.c:165:25: warning: format '%x' expects argument of type 'unsigned int', but argument 6 has type 'u32 {aka long unsigned int}' [-Wformat=]
    printf("%x %x %x %x %x (%d,%d) %x %x\n",data_in,p,o,z,u,row,col,y,m);
                        ~^
                        %lx
../src/helloworld.c:165:29: warning: format '%d' expects argument of type 'int', but argument 7 has type 'u32 {aka long unsigned int}' [-Wformat=]
    printf("%x %x %x %x %x (%d,%d) %x %x\n",data_in,p,o,z,u,row,col,y,m);
                            ~^
                            %ld
../src/helloworld.c:165:32: warning: format '%d' expects argument of type 'int', but argument 8 has type 'u32 {aka long unsigned int}' [-Wformat=]
    printf("%x %x %x %x %x (%d,%d) %x %x\n",data_in,p,o,z,u,row,col,y,m);
                               ~^
                               %ld
../src/helloworld.c:165:36: warning: format '%x' expects argument of type 'unsigned int', but argument 9 has type 'u32 {aka long unsigned int}' [-Wformat=]
    printf("%x %x %x %x %x (%d,%d) %x %x\n",data_in,p,o,z,u,row,col,y,m);
                                   ~^
                                   %lx
../src/helloworld.c:165:39: warning: format '%x' expects argument of type 'unsigned int', but argument 10 has type 'u32 {aka long unsigned int}' [-Wformat=]
    printf("%x %x %x %x %x (%d,%d) %x %x\n",data_in,p,o,z,u,row,col,y,m);
                                      ~^
                                      %lx
../src/helloworld.c:169:12: warning: format '%x' expects argument of type 'unsigned int', but argument 2 has type 'u32 {aka long unsigned int}' [-Wformat=]
   printf("%x\n",IP_SHA3V5_mReadReg(BaseAddress, 40*4+ i*4));
           ~^
           %lx
../src/helloworld.c:172:17: warning: format '%x' expects argument of type 'unsigned int', but argument 2 has type 'u32 {aka long unsigned int}' [-Wformat=]
  printf("reg48=%x\n",t1);
                ~^
                %lx
../src/helloworld.c:174:18: warning: format '%x' expects argument of type 'unsigned int', but argument 2 has type 'u32 {aka long unsigned int}' [-Wformat=]
  printf("reg350=%x\n",t2);
                 ~^
                 %lx
../src/helloworld.c:179:18: warning: format '%x' expects argument of type 'unsigned int', but argument 2 has type 'u32 {aka long unsigned int}' [-Wformat=]
  printf("reg350=%x\n",t2);
                 ~^
                 %lx
../src/helloworld.c:181:17: warning: format '%x' expects argument of type 'unsigned int', but argument 2 has type 'u32 {aka long unsigned int}' [-Wformat=]
  printf("reg48=%x\n",t1);
                ~^
                %lx
../src/helloworld.c:62:11: warning: unused variable 'out' [-Wunused-variable]
  uint64_t out;
           ^~~
Finished building: ../src/helloworld.c
 
Building target: test.elf
Invoking: ARM v7 gcc linker
arm-none-eabi-gcc -mcpu=cortex-a9 -mfpu=vfpv3 -mfloat-abi=hard -Wl,-build-id=none -specs=Xilinx.spec -Wl,-T -Wl,../src/lscript.ld -L../../test_bsp/ps7_cortexa9_0/lib -o "test.elf"  ./src/helloworld.o   -Wl,--start-group,-lxil,-lgcc,-lc,--end-group
Finished building target: test.elf
 
Invoking: ARM v7 Print Size
arm-none-eabi-size test.elf  |tee "test.elf.size"
   text	   data	    bss	    dec	    hex	filename
  72504	   2580	  23328	  98412	  1806c	test.elf
Finished building: test.elf.size
 
14:37:13 **** Incremental Build of configuration Debug for project test ****
make pre-build main-build 
a9-linaro-pre-build-step
 
make: Цель «main-build» не требует выполнения команд.
14:38:46 **** Incremental Build of configuration Debug for project test ****
make pre-build main-build 
a9-linaro-pre-build-step
 
make: Цель «main-build» не требует выполнения команд.
14:39:33 **** Auto Build of configuration Debug for project test ****
make pre-build main-build 
a9-linaro-pre-build-step
 
Building file: ../src/helloworld.c
Invoking: ARM v7 gcc compiler
arm-none-eabi-gcc -Wall -O0 -g3 -c -fmessage-length=0 -MT"src/helloworld.o" -mcpu=cortex-a9 -mfpu=vfpv3 -mfloat-abi=hard -I../../test_bsp/ps7_cortexa9_0/include -MMD -MP -MF"src/helloworld.d" -MT"src/helloworld.o" -o "src/helloworld.o" "../src/helloworld.c"
../src/helloworld.c: In function 'main':
../src/helloworld.c:81:12: warning: format '%x' expects argument of type 'unsigned int', but argument 2 has type 'u32 {aka long unsigned int}' [-Wformat=]
   printf("%x ",IP_SHA3V5_mReadReg(BaseAddress, 4*4+i*4));
           ~^
           %lx
../src/helloworld.c:90:19: warning: format '%x' expects argument of type 'unsigned int', but argument 2 has type 'u32 {aka long unsigned int}' [-Wformat=]
  printf("\nreg48=%x\n",t1);
                  ~^
                  %lx
../src/helloworld.c:92:18: warning: format '%x' expects argument of type 'unsigned int', but argument 2 has type 'u32 {aka long unsigned int}' [-Wformat=]
  printf("reg350=%x\n",t2);
                 ~^
                 %lx
../src/helloworld.c:95:17: warning: format '%x' expects argument of type 'unsigned int', but argument 2 has type 'u32 {aka long unsigned int}' [-Wformat=]
  printf("reg49=%x\n",t);
                ~^
                %lx
../src/helloworld.c:99:17: warning: format '%x' expects argument of type 'unsigned int', but argument 2 has type 'u32 {aka long unsigned int}' [-Wformat=]
  printf("reg48=%x\n",t1);
                ~^
                %lx
../src/helloworld.c:165:13: warning: format '%x' expects argument of type 'unsigned int', but argument 2 has type 'u32 {aka long unsigned int}' [-Wformat=]
    printf("%x %x %x %x %x (%d,%d) %x %x\n",data_in,p,o,z,u,row,col,y,m);
            ~^
            %lx
../src/helloworld.c:165:16: warning: format '%x' expects argument of type 'unsigned int', but argument 3 has type 'u32 {aka long unsigned int}' [-Wformat=]
    printf("%x %x %x %x %x (%d,%d) %x %x\n",data_in,p,o,z,u,row,col,y,m);
               ~^
               %lx
../src/helloworld.c:165:19: warning: format '%x' expects argument of type 'unsigned int', but argument 4 has type 'u32 {aka long unsigned int}' [-Wformat=]
    printf("%x %x %x %x %x (%d,%d) %x %x\n",data_in,p,o,z,u,row,col,y,m);
                  ~^
                  %lx
../src/helloworld.c:165:22: warning: format '%x' expects argument of type 'unsigned int', but argument 5 has type 'u32 {aka long unsigned int}' [-Wformat=]
    printf("%x %x %x %x %x (%d,%d) %x %x\n",data_in,p,o,z,u,row,col,y,m);
                     ~^
                     %lx
../src/helloworld.c:165:25: warning: format '%x' expects argument of type 'unsigned int', but argument 6 has type 'u32 {aka long unsigned int}' [-Wformat=]
    printf("%x %x %x %x %x (%d,%d) %x %x\n",data_in,p,o,z,u,row,col,y,m);
                        ~^
                        %lx
../src/helloworld.c:165:29: warning: format '%d' expects argument of type 'int', but argument 7 has type 'u32 {aka long unsigned int}' [-Wformat=]
    printf("%x %x %x %x %x (%d,%d) %x %x\n",data_in,p,o,z,u,row,col,y,m);
                            ~^
                            %ld
../src/helloworld.c:165:32: warning: format '%d' expects argument of type 'int', but argument 8 has type 'u32 {aka long unsigned int}' [-Wformat=]
    printf("%x %x %x %x %x (%d,%d) %x %x\n",data_in,p,o,z,u,row,col,y,m);
                               ~^
                               %ld
../src/helloworld.c:165:36: warning: format '%x' expects argument of type 'unsigned int', but argument 9 has type 'u32 {aka long unsigned int}' [-Wformat=]
    printf("%x %x %x %x %x (%d,%d) %x %x\n",data_in,p,o,z,u,row,col,y,m);
                                   ~^
                                   %lx
../src/helloworld.c:165:39: warning: format '%x' expects argument of type 'unsigned int', but argument 10 has type 'u32 {aka long unsigned int}' [-Wformat=]
    printf("%x %x %x %x %x (%d,%d) %x %x\n",data_in,p,o,z,u,row,col,y,m);
                                      ~^
                                      %lx
../src/helloworld.c:169:12: warning: format '%x' expects argument of type 'unsigned int', but argument 2 has type 'u32 {aka long unsigned int}' [-Wformat=]
   printf("%x\n",IP_SHA3V5_mReadReg(BaseAddress, 40*4+ i*4));
           ~^
           %lx
../src/helloworld.c:172:17: warning: format '%x' expects argument of type 'unsigned int', but argument 2 has type 'u32 {aka long unsigned int}' [-Wformat=]
  printf("reg48=%x\n",t1);
                ~^
                %lx
../src/helloworld.c:174:18: warning: format '%x' expects argument of type 'unsigned int', but argument 2 has type 'u32 {aka long unsigned int}' [-Wformat=]
  printf("reg350=%x\n",t2);
                 ~^
                 %lx
../src/helloworld.c:179:18: warning: format '%x' expects argument of type 'unsigned int', but argument 2 has type 'u32 {aka long unsigned int}' [-Wformat=]
  printf("reg350=%x\n",t2);
                 ~^
                 %lx
../src/helloworld.c:181:17: warning: format '%x' expects argument of type 'unsigned int', but argument 2 has type 'u32 {aka long unsigned int}' [-Wformat=]
  printf("reg48=%x\n",t1);
                ~^
                %lx
../src/helloworld.c:62:11: warning: unused variable 'out' [-Wunused-variable]
  uint64_t out;
           ^~~
Finished building: ../src/helloworld.c
 
Building target: test.elf
Invoking: ARM v7 gcc linker
arm-none-eabi-gcc -mcpu=cortex-a9 -mfpu=vfpv3 -mfloat-abi=hard -Wl,-build-id=none -specs=Xilinx.spec -Wl,-T -Wl,../src/lscript.ld -L../../test_bsp/ps7_cortexa9_0/lib -o "test.elf"  ./src/helloworld.o   -Wl,--start-group,-lxil,-lgcc,-lc,--end-group
Finished building target: test.elf
 
Invoking: ARM v7 Print Size
arm-none-eabi-size test.elf  |tee "test.elf.size"
   text	   data	    bss	    dec	    hex	filename
  72464	   2580	  23328	  98372	  18044	test.elf
Finished building: test.elf.size
 
14:40:23 **** Auto Build of configuration Debug for project test ****
make pre-build main-build 
a9-linaro-pre-build-step
 
Building file: ../src/helloworld.c
Invoking: ARM v7 gcc compiler
arm-none-eabi-gcc -Wall -O0 -g3 -c -fmessage-length=0 -MT"src/helloworld.o" -mcpu=cortex-a9 -mfpu=vfpv3 -mfloat-abi=hard -I../../test_bsp/ps7_cortexa9_0/include -MMD -MP -MF"src/helloworld.d" -MT"src/helloworld.o" -o "src/helloworld.o" "../src/helloworld.c"
../src/helloworld.c: In function 'main':
../src/helloworld.c:81:12: warning: format '%x' expects argument of type 'unsigned int', but argument 2 has type 'u32 {aka long unsigned int}' [-Wformat=]
   printf("%x ",IP_SHA3V5_mReadReg(BaseAddress, 4*4+i*4));
           ~^
           %lx
../src/helloworld.c:90:19: warning: format '%x' expects argument of type 'unsigned int', but argument 2 has type 'u32 {aka long unsigned int}' [-Wformat=]
  printf("\nreg48=%x\n",t1);
                  ~^
                  %lx
../src/helloworld.c:95:17: warning: format '%x' expects argument of type 'unsigned int', but argument 2 has type 'u32 {aka long unsigned int}' [-Wformat=]
  printf("reg49=%x\n",t);
                ~^
                %lx
../src/helloworld.c:99:17: warning: format '%x' expects argument of type 'unsigned int', but argument 2 has type 'u32 {aka long unsigned int}' [-Wformat=]
  printf("reg48=%x\n",t1);
                ~^
                %lx
../src/helloworld.c:165:13: warning: format '%x' expects argument of type 'unsigned int', but argument 2 has type 'u32 {aka long unsigned int}' [-Wformat=]
    printf("%x %x %x %x %x (%d,%d) %x %x\n",data_in,p,o,z,u,row,col,y,m);
            ~^
            %lx
../src/helloworld.c:165:16: warning: format '%x' expects argument of type 'unsigned int', but argument 3 has type 'u32 {aka long unsigned int}' [-Wformat=]
    printf("%x %x %x %x %x (%d,%d) %x %x\n",data_in,p,o,z,u,row,col,y,m);
               ~^
               %lx
../src/helloworld.c:165:19: warning: format '%x' expects argument of type 'unsigned int', but argument 4 has type 'u32 {aka long unsigned int}' [-Wformat=]
    printf("%x %x %x %x %x (%d,%d) %x %x\n",data_in,p,o,z,u,row,col,y,m);
                  ~^
                  %lx
../src/helloworld.c:165:22: warning: format '%x' expects argument of type 'unsigned int', but argument 5 has type 'u32 {aka long unsigned int}' [-Wformat=]
    printf("%x %x %x %x %x (%d,%d) %x %x\n",data_in,p,o,z,u,row,col,y,m);
                     ~^
                     %lx
../src/helloworld.c:165:25: warning: format '%x' expects argument of type 'unsigned int', but argument 6 has type 'u32 {aka long unsigned int}' [-Wformat=]
    printf("%x %x %x %x %x (%d,%d) %x %x\n",data_in,p,o,z,u,row,col,y,m);
src/subdir.mk:21: ошибка выполнения рецепта для цели «src/helloworld.o»
                        ~^
                        %lx
../src/helloworld.c:165:29: warning: format '%d' expects argument of type 'int', but argument 7 has type 'u32 {aka long unsigned int}' [-Wformat=]
    printf("%x %x %x %x %x (%d,%d) %x %x\n",data_in,p,o,z,u,row,col,y,m);
                            ~^
                            %ld
../src/helloworld.c:165:32: warning: format '%d' expects argument of type 'int', but argument 8 has type 'u32 {aka long unsigned int}' [-Wformat=]
    printf("%x %x %x %x %x (%d,%d) %x %x\n",data_in,p,o,z,u,row,col,y,m);
                               ~^
                               %ld
../src/helloworld.c:165:36: warning: format '%x' expects argument of type 'unsigned int', but argument 9 has type 'u32 {aka long unsigned int}' [-Wformat=]
    printf("%x %x %x %x %x (%d,%d) %x %x\n",data_in,p,o,z,u,row,col,y,m);
                                   ~^
                                   %lx
../src/helloworld.c:165:39: warning: format '%x' expects argument of type 'unsigned int', but argument 10 has type 'u32 {aka long unsigned int}' [-Wformat=]
    printf("%x %x %x %x %x (%d,%d) %x %x\n",data_in,p,o,z,u,row,col,y,m);
                                      ~^
                                      %lx
../src/helloworld.c:169:12: warning: format '%x' expects argument of type 'unsigned int', but argument 2 has type 'u32 {aka long unsigned int}' [-Wformat=]
   printf("%x\n",IP_SHA3V5_mReadReg(BaseAddress, 40*4+ i*4));
           ~^
           %lx
../src/helloworld.c:172:17: warning: format '%x' expects argument of type 'unsigned int', but argument 2 has type 'u32 {aka long unsigned int}' [-Wformat=]
  printf("reg48=%x\n",t1);
                ~^
                %lx
../src/helloworld.c:173:2: error: 't2' undeclared (first use in this function); did you mean 't'?
  t2=IP_SHA3V5_mReadReg(BaseAddress, 350*4);
  ^~
  t
../src/helloworld.c:173:2: note: each undeclared identifier is reported only once for each function it appears in
../src/helloworld.c:181:17: warning: format '%x' expects argument of type 'unsigned int', but argument 2 has type 'u32 {aka long unsigned int}' [-Wformat=]
  printf("reg48=%x\n",t1);
                ~^
                %lx
../src/helloworld.c:62:11: warning: unused variable 'out' [-Wunused-variable]
  uint64_t out;
           ^~~
make: *** [src/helloworld.o] Ошибка 1
14:40:53 **** Auto Build of configuration Debug for project test ****
make pre-build main-build 
a9-linaro-pre-build-step
 
Building file: ../src/helloworld.c
Invoking: ARM v7 gcc compiler
arm-none-eabi-gcc -Wall -O0 -g3 -c -fmessage-length=0 -MT"src/helloworld.o" -mcpu=cortex-a9 -mfpu=vfpv3 -mfloat-abi=hard -I../../test_bsp/ps7_cortexa9_0/include -MMD -MP -MF"src/helloworld.d" -MT"src/helloworld.o" -o "src/helloworld.o" "../src/helloworld.c"
../src/helloworld.c: In function 'main':
../src/helloworld.c:81:12: warning: format '%x' expects argument of type 'unsigned int', but argument 2 has type 'u32 {aka long unsigned int}' [-Wformat=]
   printf("%x ",IP_SHA3V5_mReadReg(BaseAddress, 4*4+i*4));
           ~^
           %lx
../src/helloworld.c:90:19: warning: format '%x' expects argument of type 'unsigned int', but argument 2 has type 'u32 {aka long unsigned int}' [-Wformat=]
  printf("\nreg48=%x\n",t1);
                  ~^
                  %lx
../src/helloworld.c:95:17: warning: format '%x' expects argument of type 'unsigned int', but argument 2 has type 'u32 {aka long unsigned int}' [-Wformat=]
  printf("reg49=%x\n",t);
                ~^
                %lx
../src/helloworld.c:99:17: warning: format '%x' expects argument of type 'unsigned int', but argument 2 has type 'u32 {aka long unsigned int}' [-Wformat=]
  printf("reg48=%x\n",t1);
                ~^
                %lx
../src/helloworld.c:165:13: warning: format '%x' expects argument of type 'unsigned int', but argument 2 has type 'u32 {aka long unsigned int}' [-Wformat=]
    printf("%x %x %x %x %x (%d,%d) %x %x\n",data_in,p,o,z,u,row,col,y,m);
            ~^
            %lx
../src/helloworld.c:165:16: warning: format '%x' expects argument of type 'unsigned int', but argument 3 has type 'u32 {aka long unsigned int}' [-Wformat=]
    printf("%x %x %x %x %x (%d,%d) %x %x\n",data_in,p,o,z,u,row,col,y,m);
               ~^
               %lx
../src/helloworld.c:165:19: warning: format '%x' expects argument of type 'unsigned int', but argument 4 has type 'u32 {aka long unsigned int}' [-Wformat=]
    printf("%x %x %x %x %x (%d,%d) %x %x\n",data_in,p,o,z,u,row,col,y,m);
                  ~^
                  %lx
../src/helloworld.c:165:22: warning: format '%x' expects argument of type 'unsigned int', but argument 5 has type 'u32 {aka long unsigned int}' [-Wformat=]
    printf("%x %x %x %x %x (%d,%d) %x %x\n",data_in,p,o,z,u,row,col,y,m);
                     ~^
                     %lx
../src/helloworld.c:165:25: warning: format '%x' expects argument of type 'unsigned int', but argument 6 has type 'u32 {aka long unsigned int}' [-Wformat=]
    printf("%x %x %x %x %x (%d,%d) %x %x\n",data_in,p,o,z,u,row,col,y,m);
src/subdir.mk:21: ошибка выполнения рецепта для цели «src/helloworld.o»
                        ~^
                        %lx
../src/helloworld.c:165:29: warning: format '%d' expects argument of type 'int', but argument 7 has type 'u32 {aka long unsigned int}' [-Wformat=]
    printf("%x %x %x %x %x (%d,%d) %x %x\n",data_in,p,o,z,u,row,col,y,m);
                            ~^
                            %ld
../src/helloworld.c:165:32: warning: format '%d' expects argument of type 'int', but argument 8 has type 'u32 {aka long unsigned int}' [-Wformat=]
    printf("%x %x %x %x %x (%d,%d) %x %x\n",data_in,p,o,z,u,row,col,y,m);
                               ~^
                               %ld
../src/helloworld.c:165:36: warning: format '%x' expects argument of type 'unsigned int', but argument 9 has type 'u32 {aka long unsigned int}' [-Wformat=]
    printf("%x %x %x %x %x (%d,%d) %x %x\n",data_in,p,o,z,u,row,col,y,m);
                                   ~^
                                   %lx
../src/helloworld.c:165:39: warning: format '%x' expects argument of type 'unsigned int', but argument 10 has type 'u32 {aka long unsigned int}' [-Wformat=]
    printf("%x %x %x %x %x (%d,%d) %x %x\n",data_in,p,o,z,u,row,col,y,m);
                                      ~^
                                      %lx
../src/helloworld.c:169:12: warning: format '%x' expects argument of type 'unsigned int', but argument 2 has type 'u32 {aka long unsigned int}' [-Wformat=]
   printf("%x\n",IP_SHA3V5_mReadReg(BaseAddress, 40*4+ i*4));
           ~^
           %lx
../src/helloworld.c:172:17: warning: format '%x' expects argument of type 'unsigned int', but argument 2 has type 'u32 {aka long unsigned int}' [-Wformat=]
  printf("reg48=%x\n",t1);
                ~^
                %lx
../src/helloworld.c:174:23: error: 't2' undeclared (first use in this function); did you mean 't'?
  printf("reg350=%x\n",t2);
                       ^~
                       t
../src/helloworld.c:174:23: note: each undeclared identifier is reported only once for each function it appears in
../src/helloworld.c:181:17: warning: format '%x' expects argument of type 'unsigned int', but argument 2 has type 'u32 {aka long unsigned int}' [-Wformat=]
  printf("reg48=%x\n",t1);
                ~^
                %lx
../src/helloworld.c:62:11: warning: unused variable 'out' [-Wunused-variable]
  uint64_t out;
           ^~~
make: *** [src/helloworld.o] Ошибка 1
14:40:59 **** Auto Build of configuration Debug for project test ****
make pre-build main-build 
a9-linaro-pre-build-step
 
Building file: ../src/helloworld.c
Invoking: ARM v7 gcc compiler
arm-none-eabi-gcc -Wall -O0 -g3 -c -fmessage-length=0 -MT"src/helloworld.o" -mcpu=cortex-a9 -mfpu=vfpv3 -mfloat-abi=hard -I../../test_bsp/ps7_cortexa9_0/include -MMD -MP -MF"src/helloworld.d" -MT"src/helloworld.o" -o "src/helloworld.o" "../src/helloworld.c"
../src/helloworld.c: In function 'main':
../src/helloworld.c:81:12: warning: format '%x' expects argument of type 'unsigned int', but argument 2 has type 'u32 {aka long unsigned int}' [-Wformat=]
   printf("%x ",IP_SHA3V5_mReadReg(BaseAddress, 4*4+i*4));
           ~^
           %lx
../src/helloworld.c:90:19: warning: format '%x' expects argument of type 'unsigned int', but argument 2 has type 'u32 {aka long unsigned int}' [-Wformat=]
  printf("\nreg48=%x\n",t1);
                  ~^
                  %lx
../src/helloworld.c:95:17: warning: format '%x' expects argument of type 'unsigned int', but argument 2 has type 'u32 {aka long unsigned int}' [-Wformat=]
  printf("reg49=%x\n",t);
                ~^
                %lx
../src/helloworld.c:99:17: warning: format '%x' expects argument of type 'unsigned int', but argument 2 has type 'u32 {aka long unsigned int}' [-Wformat=]
  printf("reg48=%x\n",t1);
                ~^
                %lx
../src/helloworld.c:165:13: warning: format '%x' expects argument of type 'unsigned int', but argument 2 has type 'u32 {aka long unsigned int}' [-Wformat=]
    printf("%x %x %x %x %x (%d,%d) %x %x\n",data_in,p,o,z,u,row,col,y,m);
            ~^
            %lx
../src/helloworld.c:165:16: warning: format '%x' expects argument of type 'unsigned int', but argument 3 has type 'u32 {aka long unsigned int}' [-Wformat=]
    printf("%x %x %x %x %x (%d,%d) %x %x\n",data_in,p,o,z,u,row,col,y,m);
               ~^
               %lx
../src/helloworld.c:165:19: warning: format '%x' expects argument of type 'unsigned int', but argument 4 has type 'u32 {aka long unsigned int}' [-Wformat=]
    printf("%x %x %x %x %x (%d,%d) %x %x\n",data_in,p,o,z,u,row,col,y,m);
                  ~^
                  %lx
../src/helloworld.c:165:22: warning: format '%x' expects argument of type 'unsigned int', but argument 5 has type 'u32 {aka long unsigned int}' [-Wformat=]
    printf("%x %x %x %x %x (%d,%d) %x %x\n",data_in,p,o,z,u,row,col,y,m);
                     ~^
                     %lx
../src/helloworld.c:165:25: warning: format '%x' expects argument of type 'unsigned int', but argument 6 has type 'u32 {aka long unsigned int}' [-Wformat=]
    printf("%x %x %x %x %x (%d,%d) %x %x\n",data_in,p,o,z,u,row,col,y,m);
                        ~^
                        %lx
../src/helloworld.c:165:29: warning: format '%d' expects argument of type 'int', but argument 7 has type 'u32 {aka long unsigned int}' [-Wformat=]
    printf("%x %x %x %x %x (%d,%d) %x %x\n",data_in,p,o,z,u,row,col,y,m);
                            ~^
                            %ld
../src/helloworld.c:165:32: warning: format '%d' expects argument of type 'int', but argument 8 has type 'u32 {aka long unsigned int}' [-Wformat=]
    printf("%x %x %x %x %x (%d,%d) %x %x\n",data_in,p,o,z,u,row,col,y,m);
                               ~^
                               %ld
../src/helloworld.c:165:36: warning: format '%x' expects argument of type 'unsigned int', but argument 9 has type 'u32 {aka long unsigned int}' [-Wformat=]
    printf("%x %x %x %x %x (%d,%d) %x %x\n",data_in,p,o,z,u,row,col,y,m);
                                   ~^
                                   %lx
../src/helloworld.c:165:39: warning: format '%x' expects argument of type 'unsigned int', but argument 10 has type 'u32 {aka long unsigned int}' [-Wformat=]
    printf("%x %x %x %x %x (%d,%d) %x %x\n",data_in,p,o,z,u,row,col,y,m);
                                      ~^
                                      %lx
../src/helloworld.c:169:12: warning: format '%x' expects argument of type 'unsigned int', but argument 2 has type 'u32 {aka long unsigned int}' [-Wformat=]
   printf("%x\n",IP_SHA3V5_mReadReg(BaseAddress, 40*4+ i*4));
           ~^
           %lx
../src/helloworld.c:172:17: warning: format '%x' expects argument of type 'unsigned int', but argument 2 has type 'u32 {aka long unsigned int}' [-Wformat=]
  printf("reg48=%x\n",t1);
                ~^
                %lx
../src/helloworld.c:181:17: warning: format '%x' expects argument of type 'unsigned int', but argument 2 has type 'u32 {aka long unsigned int}' [-Wformat=]
  printf("reg48=%x\n",t1);
                ~^
                %lx
../src/helloworld.c:62:11: warning: unused variable 'out' [-Wunused-variable]
  uint64_t out;
           ^~~
Finished building: ../src/helloworld.c
 
Building target: test.elf
Invoking: ARM v7 gcc linker
arm-none-eabi-gcc -mcpu=cortex-a9 -mfpu=vfpv3 -mfloat-abi=hard -Wl,-build-id=none -specs=Xilinx.spec -Wl,-T -Wl,../src/lscript.ld -L../../test_bsp/ps7_cortexa9_0/lib -o "test.elf"  ./src/helloworld.o   -Wl,--start-group,-lxil,-lgcc,-lc,--end-group
Finished building target: test.elf
 
Invoking: ARM v7 Print Size
arm-none-eabi-size test.elf  |tee "test.elf.size"
   text	   data	    bss	    dec	    hex	filename
  72328	   2580	  23328	  98236	  17fbc	test.elf
Finished building: test.elf.size
 
14:41:06 **** Incremental Build of configuration Debug for project test ****
make pre-build main-build 
a9-linaro-pre-build-step
 
make: Цель «main-build» не требует выполнения команд.
14:43:24 **** Auto Build of configuration Debug for project test ****
make pre-build main-build 
a9-linaro-pre-build-step
 
Building file: ../src/helloworld.c
Invoking: ARM v7 gcc compiler
arm-none-eabi-gcc -Wall -O0 -g3 -c -fmessage-length=0 -MT"src/helloworld.o" -mcpu=cortex-a9 -mfpu=vfpv3 -mfloat-abi=hard -I../../test_bsp/ps7_cortexa9_0/include -MMD -MP -MF"src/helloworld.d" -MT"src/helloworld.o" -o "src/helloworld.o" "../src/helloworld.c"
../src/helloworld.c: In function 'main':
../src/helloworld.c:81:12: warning: format '%x' expects argument of type 'unsigned int', but argument 2 has type 'u32 {aka long unsigned int}' [-Wformat=]
   printf("%x ",IP_SHA3V5_mReadReg(BaseAddress, 4*4+i*4));
           ~^
           %lx
../src/helloworld.c:96:17: warning: format '%x' expects argument of type 'unsigned int', but argument 2 has type 'u32 {aka long unsigned int}' [-Wformat=]
  printf("reg49=%x\n",t);
                ~^
                %lx
../src/helloworld.c:100:17: warning: format '%x' expects argument of type 'unsigned int', but argument 2 has type 'u32 {aka long unsigned int}' [-Wformat=]
  printf("reg48=%x\n",t1);
                ~^
                %lx
../src/helloworld.c:166:13: warning: format '%x' expects argument of type 'unsigned int', but argument 2 has type 'u32 {aka long unsigned int}' [-Wformat=]
    printf("%x %x %x %x %x (%d,%d) %x %x\n",data_in,p,o,z,u,row,col,y,m);
            ~^
            %lx
../src/helloworld.c:166:16: warning: format '%x' expects argument of type 'unsigned int', but argument 3 has type 'u32 {aka long unsigned int}' [-Wformat=]
    printf("%x %x %x %x %x (%d,%d) %x %x\n",data_in,p,o,z,u,row,col,y,m);
               ~^
               %lx
../src/helloworld.c:166:19: warning: format '%x' expects argument of type 'unsigned int', but argument 4 has type 'u32 {aka long unsigned int}' [-Wformat=]
    printf("%x %x %x %x %x (%d,%d) %x %x\n",data_in,p,o,z,u,row,col,y,m);
                  ~^
                  %lx
../src/helloworld.c:166:22: warning: format '%x' expects argument of type 'unsigned int', but argument 5 has type 'u32 {aka long unsigned int}' [-Wformat=]
    printf("%x %x %x %x %x (%d,%d) %x %x\n",data_in,p,o,z,u,row,col,y,m);
                     ~^
                     %lx
../src/helloworld.c:166:25: warning: format '%x' expects argument of type 'unsigned int', but argument 6 has type 'u32 {aka long unsigned int}' [-Wformat=]
    printf("%x %x %x %x %x (%d,%d) %x %x\n",data_in,p,o,z,u,row,col,y,m);
                        ~^
                        %lx
../src/helloworld.c:166:29: warning: format '%d' expects argument of type 'int', but argument 7 has type 'u32 {aka long unsigned int}' [-Wformat=]
    printf("%x %x %x %x %x (%d,%d) %x %x\n",data_in,p,o,z,u,row,col,y,m);
                            ~^
                            %ld
../src/helloworld.c:166:32: warning: format '%d' expects argument of type 'int', but argument 8 has type 'u32 {aka long unsigned int}' [-Wformat=]
    printf("%x %x %x %x %x (%d,%d) %x %x\n",data_in,p,o,z,u,row,col,y,m);
                               ~^
                               %ld
../src/helloworld.c:166:36: warning: format '%x' expects argument of type 'unsigned int', but argument 9 has type 'u32 {aka long unsigned int}' [-Wformat=]
    printf("%x %x %x %x %x (%d,%d) %x %x\n",data_in,p,o,z,u,row,col,y,m);
                                   ~^
                                   %lx
../src/helloworld.c:166:39: warning: format '%x' expects argument of type 'unsigned int', but argument 10 has type 'u32 {aka long unsigned int}' [-Wformat=]
    printf("%x %x %x %x %x (%d,%d) %x %x\n",data_in,p,o,z,u,row,col,y,m);
                                      ~^
                                      %lx
../src/helloworld.c:170:12: warning: format '%x' expects argument of type 'unsigned int', but argument 2 has type 'u32 {aka long unsigned int}' [-Wformat=]
   printf("%x\n",IP_SHA3V5_mReadReg(BaseAddress, 40*4+ i*4));
           ~^
           %lx
../src/helloworld.c:173:17: warning: format '%x' expects argument of type 'unsigned int', but argument 2 has type 'u32 {aka long unsigned int}' [-Wformat=]
  printf("reg48=%x\n",t1);
                ~^
                %lx
../src/helloworld.c:182:17: warning: format '%x' expects argument of type 'unsigned int', but argument 2 has type 'u32 {aka long unsigned int}' [-Wformat=]
  printf("reg48=%x\n",t1);
                ~^
                %lx
../src/helloworld.c:62:11: warning: unused variable 'out' [-Wunused-variable]
  uint64_t out;
           ^~~
Finished building: ../src/helloworld.c
 
Building target: test.elf
Invoking: ARM v7 gcc linker
arm-none-eabi-gcc -mcpu=cortex-a9 -mfpu=vfpv3 -mfloat-abi=hard -Wl,-build-id=none -specs=Xilinx.spec -Wl,-T -Wl,../src/lscript.ld -L../../test_bsp/ps7_cortexa9_0/lib -o "test.elf"  ./src/helloworld.o   -Wl,--start-group,-lxil,-lgcc,-lc,--end-group
Finished building target: test.elf
 
Invoking: ARM v7 Print Size
arm-none-eabi-size test.elf  |tee "test.elf.size"
   text	   data	    bss	    dec	    hex	filename
  72312	   2580	  23328	  98220	  17fac	test.elf
Finished building: test.elf.size
 
14:43:48 **** Auto Build of configuration Debug for project test ****
make pre-build main-build 
a9-linaro-pre-build-step
 
Building file: ../src/helloworld.c
Invoking: ARM v7 gcc compiler
arm-none-eabi-gcc -Wall -O0 -g3 -c -fmessage-length=0 -MT"src/helloworld.o" -mcpu=cortex-a9 -mfpu=vfpv3 -mfloat-abi=hard -I../../test_bsp/ps7_cortexa9_0/include -MMD -MP -MF"src/helloworld.d" -MT"src/helloworld.o" -o "src/helloworld.o" "../src/helloworld.c"
../src/helloworld.c: In function 'main':
../src/helloworld.c:81:12: warning: format '%x' expects argument of type 'unsigned int', but argument 2 has type 'u32 {aka long unsigned int}' [-Wformat=]
   printf("%x ",IP_SHA3V5_mReadReg(BaseAddress, 4*4+i*4));
           ~^
           %lx
../src/helloworld.c:100:17: warning: format '%x' expects argument of type 'unsigned int', but argument 2 has type 'u32 {aka long unsigned int}' [-Wformat=]
  printf("reg48=%x\n",t1);
                ~^
                %lx
../src/helloworld.c:166:13: warning: format '%x' expects argument of type 'unsigned int', but argument 2 has type 'u32 {aka long unsigned int}' [-Wformat=]
    printf("%x %x %x %x %x (%d,%d) %x %x\n",data_in,p,o,z,u,row,col,y,m);
            ~^
            %lx
../src/helloworld.c:166:16: warning: format '%x' expects argument of type 'unsigned int', but argument 3 has type 'u32 {aka long unsigned int}' [-Wformat=]
    printf("%x %x %x %x %x (%d,%d) %x %x\n",data_in,p,o,z,u,row,col,y,m);
               ~^
               %lx
../src/helloworld.c:166:19: warning: format '%x' expects argument of type 'unsigned int', but argument 4 has type 'u32 {aka long unsigned int}' [-Wformat=]
    printf("%x %x %x %x %x (%d,%d) %x %x\n",data_in,p,o,z,u,row,col,y,m);
                  ~^
                  %lx
../src/helloworld.c:166:22: warning: format '%x' expects argument of type 'unsigned int', but argument 5 has type 'u32 {aka long unsigned int}' [-Wformat=]
    printf("%x %x %x %x %x (%d,%d) %x %x\n",data_in,p,o,z,u,row,col,y,m);
                     ~^
                     %lx
../src/helloworld.c:166:25: warning: format '%x' expects argument of type 'unsigned int', but argument 6 has type 'u32 {aka long unsigned int}' [-Wformat=]
    printf("%x %x %x %x %x (%d,%d) %x %x\n",data_in,p,o,z,u,row,col,y,m);
                        ~^
                        %lx
../src/helloworld.c:166:29: warning: format '%d' expects argument of type 'int', but argument 7 has type 'u32 {aka long unsigned int}' [-Wformat=]
    printf("%x %x %x %x %x (%d,%d) %x %x\n",data_in,p,o,z,u,row,col,y,m);
                            ~^
                            %ld
../src/helloworld.c:166:32: warning: format '%d' expects argument of type 'int', but argument 8 has type 'u32 {aka long unsigned int}' [-Wformat=]
    printf("%x %x %x %x %x (%d,%d) %x %x\n",data_in,p,o,z,u,row,col,y,m);
                               ~^
                               %ld
../src/helloworld.c:166:36: warning: format '%x' expects argument of type 'unsigned int', but argument 9 has type 'u32 {aka long unsigned int}' [-Wformat=]
    printf("%x %x %x %x %x (%d,%d) %x %x\n",data_in,p,o,z,u,row,col,y,m);
                                   ~^
                                   %lx
../src/helloworld.c:166:39: warning: format '%x' expects argument of type 'unsigned int', but argument 10 has type 'u32 {aka long unsigned int}' [-Wformat=]
    printf("%x %x %x %x %x (%d,%d) %x %x\n",data_in,p,o,z,u,row,col,y,m);
                                      ~^
                                      %lx
../src/helloworld.c:170:12: warning: format '%x' expects argument of type 'unsigned int', but argument 2 has type 'u32 {aka long unsigned int}' [-Wformat=]
   printf("%x\n",IP_SHA3V5_mReadReg(BaseAddress, 40*4+ i*4));
           ~^
           %lx
../src/helloworld.c:173:17: warning: format '%x' expects argument of type 'unsigned int', but argument 2 has type 'u32 {aka long unsigned int}' [-Wformat=]
  printf("reg48=%x\n",t1);
                ~^
                %lx
../src/helloworld.c:182:17: warning: format '%x' expects argument of type 'unsigned int', but argument 2 has type 'u32 {aka long unsigned int}' [-Wformat=]
  printf("reg48=%x\n",t1);
                ~^
                %lx
../src/helloworld.c:62:11: warning: unused variable 'out' [-Wunused-variable]
  uint64_t out;
           ^~~
Finished building: ../src/helloworld.c
 
Building target: test.elf
Invoking: ARM v7 gcc linker
arm-none-eabi-gcc -mcpu=cortex-a9 -mfpu=vfpv3 -mfloat-abi=hard -Wl,-build-id=none -specs=Xilinx.spec -Wl,-T -Wl,../src/lscript.ld -L../../test_bsp/ps7_cortexa9_0/lib -o "test.elf"  ./src/helloworld.o   -Wl,--start-group,-lxil,-lgcc,-lc,--end-group
Finished building target: test.elf
 
Invoking: ARM v7 Print Size
arm-none-eabi-size test.elf  |tee "test.elf.size"
   text	   data	    bss	    dec	    hex	filename
  72200	   2580	  23328	  98108	  17f3c	test.elf
Finished building: test.elf.size
 
14:44:03 **** Auto Build of configuration Debug for project test ****
make pre-build main-build 
a9-linaro-pre-build-step
 
Building file: ../src/helloworld.c
Invoking: ARM v7 gcc compiler
arm-none-eabi-gcc -Wall -O0 -g3 -c -fmessage-length=0 -MT"src/helloworld.o" -mcpu=cortex-a9 -mfpu=vfpv3 -mfloat-abi=hard -I../../test_bsp/ps7_cortexa9_0/include -MMD -MP -MF"src/helloworld.d" -MT"src/helloworld.o" -o "src/helloworld.o" "../src/helloworld.c"
../src/helloworld.c: In function 'main':
../src/helloworld.c:81:12: warning: format '%x' expects argument of type 'unsigned int', but argument 2 has type 'u32 {aka long unsigned int}' [-Wformat=]
   printf("%x ",IP_SHA3V5_mReadReg(BaseAddress, 4*4+i*4));
           ~^
           %lx
../src/helloworld.c:100:17: warning: format '%x' expects argument of type 'unsigned int', but argument 2 has type 'u32 {aka long unsigned int}' [-Wformat=]
  printf("reg48=%x\n",t1);
                ~^
                %lx
../src/helloworld.c:170:12: warning: format '%x' expects argument of type 'unsigned int', but argument 2 has type 'u32 {aka long unsigned int}' [-Wformat=]
   printf("%x\n",IP_SHA3V5_mReadReg(BaseAddress, 40*4+ i*4));
           ~^
           %lx
../src/helloworld.c:173:17: warning: format '%x' expects argument of type 'unsigned int', but argument 2 has type 'u32 {aka long unsigned int}' [-Wformat=]
  printf("reg48=%x\n",t1);
                ~^
                %lx
../src/helloworld.c:182:17: warning: format '%x' expects argument of type 'unsigned int', but argument 2 has type 'u32 {aka long unsigned int}' [-Wformat=]
  printf("reg48=%x\n",t1);
                ~^
                %lx
../src/helloworld.c:62:11: warning: unused variable 'out' [-Wunused-variable]
  uint64_t out;
           ^~~
Finished building: ../src/helloworld.c
 
Building target: test.elf
Invoking: ARM v7 gcc linker
arm-none-eabi-gcc -mcpu=cortex-a9 -mfpu=vfpv3 -mfloat-abi=hard -Wl,-build-id=none -specs=Xilinx.spec -Wl,-T -Wl,../src/lscript.ld -L../../test_bsp/ps7_cortexa9_0/lib -o "test.elf"  ./src/helloworld.o   -Wl,--start-group,-lxil,-lgcc,-lc,--end-group
Finished building target: test.elf
 
Invoking: ARM v7 Print Size
arm-none-eabi-size test.elf  |tee "test.elf.size"
   text	   data	    bss	    dec	    hex	filename
  71656	   2580	  23328	  97564	  17d1c	test.elf
Finished building: test.elf.size
 
14:44:21 **** Incremental Build of configuration Debug for project test ****
make pre-build main-build 
a9-linaro-pre-build-step
 
make: Цель «main-build» не требует выполнения команд.
14:46:30 **** Auto Build of configuration Debug for project test ****
make pre-build main-build 
a9-linaro-pre-build-step
 
Building file: ../src/helloworld.c
Invoking: ARM v7 gcc compiler
arm-none-eabi-gcc -Wall -O0 -g3 -c -fmessage-length=0 -MT"src/helloworld.o" -mcpu=cortex-a9 -mfpu=vfpv3 -mfloat-abi=hard -I../../test_bsp/ps7_cortexa9_0/include -MMD -MP -MF"src/helloworld.d" -MT"src/helloworld.o" -o "src/helloworld.o" "../src/helloworld.c"
../src/helloworld.c: In function 'main':
../src/helloworld.c:100:17: warning: format '%x' expects argument of type 'unsigned int', but argument 2 has type 'u32 {aka long unsigned int}' [-Wformat=]
  printf("reg48=%x\n",t1);
                ~^
                %lx
../src/helloworld.c:170:12: warning: format '%x' expects argument of type 'unsigned int', but argument 2 has type 'u32 {aka long unsigned int}' [-Wformat=]
   printf("%x\n",IP_SHA3V5_mReadReg(BaseAddress, 40*4+ i*4));
           ~^
           %lx
../src/helloworld.c:173:17: warning: format '%x' expects argument of type 'unsigned int', but argument 2 has type 'u32 {aka long unsigned int}' [-Wformat=]
  printf("reg48=%x\n",t1);
                ~^
                %lx
../src/helloworld.c:182:17: warning: format '%x' expects argument of type 'unsigned int', but argument 2 has type 'u32 {aka long unsigned int}' [-Wformat=]
  printf("reg48=%x\n",t1);
                ~^
                %lx
../src/helloworld.c:62:11: warning: unused variable 'out' [-Wunused-variable]
  uint64_t out;
           ^~~
Finished building: ../src/helloworld.c
 
Building target: test.elf
Invoking: ARM v7 gcc linker
arm-none-eabi-gcc -mcpu=cortex-a9 -mfpu=vfpv3 -mfloat-abi=hard -Wl,-build-id=none -specs=Xilinx.spec -Wl,-T -Wl,../src/lscript.ld -L../../test_bsp/ps7_cortexa9_0/lib -o "test.elf"  ./src/helloworld.o   -Wl,--start-group,-lxil,-lgcc,-lc,--end-group
Finished building target: test.elf
 
Invoking: ARM v7 Print Size
arm-none-eabi-size test.elf  |tee "test.elf.size"
   text	   data	    bss	    dec	    hex	filename
  71200	   2580	  23328	  97108	  17b54	test.elf
Finished building: test.elf.size
 
14:46:43 **** Incremental Build of configuration Debug for project test ****
make pre-build main-build 
a9-linaro-pre-build-step
 
make: Цель «main-build» не требует выполнения команд.
14:48:29 **** Incremental Build of configuration Debug for project test ****
make pre-build main-build 
a9-linaro-pre-build-step
 
make: Цель «main-build» не требует выполнения команд.
14:51:40 **** Incremental Build of configuration Debug for project test ****
make pre-build main-build 
a9-linaro-pre-build-step
 
make: Цель «main-build» не требует выполнения команд.
14:54:07 **** Auto Build of configuration Debug for project test ****
make pre-build main-build 
a9-linaro-pre-build-step
 
Building file: ../src/helloworld.c
Invoking: ARM v7 gcc compiler
arm-none-eabi-gcc -Wall -O0 -g3 -c -fmessage-length=0 -MT"src/helloworld.o" -mcpu=cortex-a9 -mfpu=vfpv3 -mfloat-abi=hard -I../../test_bsp/ps7_cortexa9_0/include -MMD -MP -MF"src/helloworld.d" -MT"src/helloworld.o" -o "src/helloworld.o" "../src/helloworld.c"
../src/helloworld.c: In function 'main':
../src/helloworld.c:96:17: warning: format '%x' expects argument of type 'unsigned int', but argument 2 has type 'u32 {aka long unsigned int}' [-Wformat=]
  printf("reg49=%x\n",t);
                ~^
                %lx
../src/helloworld.c:100:17: warning: format '%x' expects argument of type 'unsigned int', but argument 2 has type 'u32 {aka long unsigned int}' [-Wformat=]
  printf("reg48=%x\n",t1);
                ~^
                %lx
../src/helloworld.c:170:12: warning: format '%x' expects argument of type 'unsigned int', but argument 2 has type 'u32 {aka long unsigned int}' [-Wformat=]
   printf("%x\n",IP_SHA3V5_mReadReg(BaseAddress, 40*4+ i*4));
           ~^
           %lx
../src/helloworld.c:173:17: warning: format '%x' expects argument of type 'unsigned int', but argument 2 has type 'u32 {aka long unsigned int}' [-Wformat=]
  printf("reg48=%x\n",t1);
                ~^
                %lx
../src/helloworld.c:182:17: warning: format '%x' expects argument of type 'unsigned int', but argument 2 has type 'u32 {aka long unsigned int}' [-Wformat=]
  printf("reg48=%x\n",t1);
                ~^
                %lx
../src/helloworld.c:62:11: warning: unused variable 'out' [-Wunused-variable]
  uint64_t out;
           ^~~
Finished building: ../src/helloworld.c
 
Building target: test.elf
Invoking: ARM v7 gcc linker
arm-none-eabi-gcc -mcpu=cortex-a9 -mfpu=vfpv3 -mfloat-abi=hard -Wl,-build-id=none -specs=Xilinx.spec -Wl,-T -Wl,../src/lscript.ld -L../../test_bsp/ps7_cortexa9_0/lib -o "test.elf"  ./src/helloworld.o   -Wl,--start-group,-lxil,-lgcc,-lc,--end-group
Finished building target: test.elf
 
Invoking: ARM v7 Print Size
arm-none-eabi-size test.elf  |tee "test.elf.size"
   text	   data	    bss	    dec	    hex	filename
  71280	   2580	  23328	  97188	  17ba4	test.elf
Finished building: test.elf.size
 
14:55:02 **** Auto Build of configuration Debug for project test ****
make pre-build main-build 
a9-linaro-pre-build-step
 
Building file: ../src/helloworld.c
Invoking: ARM v7 gcc compiler
arm-none-eabi-gcc -Wall -O0 -g3 -c -fmessage-length=0 -MT"src/helloworld.o" -mcpu=cortex-a9 -mfpu=vfpv3 -mfloat-abi=hard -I../../test_bsp/ps7_cortexa9_0/include -MMD -MP -MF"src/helloworld.d" -MT"src/helloworld.o" -o "src/helloworld.o" "../src/helloworld.c"
../src/helloworld.c: In function 'main':
../src/helloworld.c:96:17: warning: format '%x' expects argument of type 'unsigned int', but argument 2 has type 'u32 {aka long unsigned int}' [-Wformat=]
  printf("reg49=%x\n",t);
                ~^
                %lx
../src/helloworld.c:100:17: warning: format '%x' expects argument of type 'unsigned int', but argument 2 has type 'u32 {aka long unsigned int}' [-Wformat=]
  printf("reg48=%x\n",t1);
                ~^
                %lx
../src/helloworld.c:170:12: warning: format '%x' expects argument of type 'unsigned int', but argument 2 has type 'u32 {aka long unsigned int}' [-Wformat=]
   printf("%x\n",IP_SHA3V5_mReadReg(BaseAddress, 40*4+ i*4));
           ~^
           %lx
../src/helloworld.c:173:17: warning: format '%x' expects argument of type 'unsigned int', but argument 2 has type 'u32 {aka long unsigned int}' [-Wformat=]
  printf("reg48=%x\n",t1);
                ~^
                %lx
../src/helloworld.c:174:2: error: 't2' undeclared (first use in this function); did you mean 't'?
  t2=IP_SHA3V5_mReadReg(BaseAddress, 49*4);
  ^~
  t
../src/helloworld.c:174:2: note: each undeclared identifier is reported only once for each function it appears in
../src/helloworld.c:182:17: warning: format '%x' expects argument of type 'unsigned int', but argument 2 has type 'u32 {aka long unsigned int}' [-Wformat=]
  printf("reg48=%x\n",t1);
                ~^
                %lx
../src/helloworld.c:62:11: warning: unused variable 'out' [-Wunused-variable]
src/subdir.mk:21: ошибка выполнения рецепта для цели «src/helloworld.o»
  uint64_t out;
           ^~~
make: *** [src/helloworld.o] Ошибка 1
14:55:42 **** Auto Build of configuration Debug for project test ****
make pre-build main-build 
a9-linaro-pre-build-step
 
Building file: ../src/helloworld.c
Invoking: ARM v7 gcc compiler
arm-none-eabi-gcc -Wall -O0 -g3 -c -fmessage-length=0 -MT"src/helloworld.o" -mcpu=cortex-a9 -mfpu=vfpv3 -mfloat-abi=hard -I../../test_bsp/ps7_cortexa9_0/include -MMD -MP -MF"src/helloworld.d" -MT"src/helloworld.o" -o "src/helloworld.o" "../src/helloworld.c"
../src/helloworld.c: In function 'main':
../src/helloworld.c:96:17: warning: format '%x' expects argument of type 'unsigned int', but argument 2 has type 'u32 {aka long unsigned int}' [-Wformat=]
  printf("reg49=%x\n",t);
                ~^
                %lx
../src/helloworld.c:100:17: warning: format '%x' expects argument of type 'unsigned int', but argument 2 has type 'u32 {aka long unsigned int}' [-Wformat=]
  printf("reg48=%x\n",t1);
                ~^
                %lx
../src/helloworld.c:170:12: warning: format '%x' expects argument of type 'unsigned int', but argument 2 has type 'u32 {aka long unsigned int}' [-Wformat=]
   printf("%x\n",IP_SHA3V5_mReadReg(BaseAddress, 40*4+ i*4));
           ~^
           %lx
../src/helloworld.c:173:17: warning: format '%x' expects argument of type 'unsigned int', but argument 2 has type 'u32 {aka long unsigned int}' [-Wformat=]
  printf("reg48=%x\n",t1);
                ~^
                %lx
../src/helloworld.c:174:2: error: 't2' undeclared (first use in this function); did you mean 't'?
  t2=IP_SHA3V5_mReadReg(BaseAddress, 49*4);
  ^~
  t
../src/helloworld.c:174:2: note: each undeclared identifier is reported only once for each function it appears in
../src/helloworld.c:182:17: warning: format '%x' expects argument of type 'unsigned int', but argument 2 has type 'u32 {aka long unsigned int}' [-Wformat=]
  printf("reg48=%x\n",t1);
                ~^
                %lx
../src/helloworld.c:62:11: warning: unused variable 'out' [-Wunused-variable]
  uint64_t out;
           ^~~
make: *** [src/helloworld.o] Ошибка 1
src/subdir.mk:21: ошибка выполнения рецепта для цели «src/helloworld.o»
14:56:15 **** Auto Build of configuration Debug for project test ****
make pre-build main-build 
a9-linaro-pre-build-step
 
Building file: ../src/helloworld.c
Invoking: ARM v7 gcc compiler
arm-none-eabi-gcc -Wall -O0 -g3 -c -fmessage-length=0 -MT"src/helloworld.o" -mcpu=cortex-a9 -mfpu=vfpv3 -mfloat-abi=hard -I../../test_bsp/ps7_cortexa9_0/include -MMD -MP -MF"src/helloworld.d" -MT"src/helloworld.o" -o "src/helloworld.o" "../src/helloworld.c"
../src/helloworld.c: In function 'main':
../src/helloworld.c:96:17: warning: format '%x' expects argument of type 'unsigned int', but argument 2 has type 'u32 {aka long unsigned int}' [-Wformat=]
  printf("reg49=%x\n",t);
                ~^
                %lx
../src/helloworld.c:100:17: warning: format '%x' expects argument of type 'unsigned int', but argument 2 has type 'u32 {aka long unsigned int}' [-Wformat=]
  printf("reg48=%x\n",t1);
                ~^
                %lx
../src/helloworld.c:170:12: warning: format '%x' expects argument of type 'unsigned int', but argument 2 has type 'u32 {aka long unsigned int}' [-Wformat=]
   printf("%x\n",IP_SHA3V5_mReadReg(BaseAddress, 40*4+ i*4));
           ~^
           %lx
../src/helloworld.c:173:17: warning: format '%x' expects argument of type 'unsigned int', but argument 2 has type 'u32 {aka long unsigned int}' [-Wformat=]
  printf("reg48=%x\n",t1);
                ~^
                %lx
../src/helloworld.c:175:17: warning: format '%x' expects argument of type 'unsigned int', but argument 2 has type 'u32 {aka long unsigned int}' [-Wformat=]
  printf("reg49=%x\n",t2);
                ~^
                %lx
../src/helloworld.c:180:17: warning: format '%x' expects argument of type 'unsigned int', but argument 2 has type 'u32 {aka long unsigned int}' [-Wformat=]
  printf("reg49=%x\n",t2);
                ~^
                %lx
../src/helloworld.c:182:17: warning: format '%x' expects argument of type 'unsigned int', but argument 2 has type 'u32 {aka long unsigned int}' [-Wformat=]
  printf("reg48=%x\n",t1);
                ~^
                %lx
../src/helloworld.c:62:11: warning: unused variable 'out' [-Wunused-variable]
  uint64_t out;
           ^~~
Finished building: ../src/helloworld.c
 
Building target: test.elf
Invoking: ARM v7 gcc linker
arm-none-eabi-gcc -mcpu=cortex-a9 -mfpu=vfpv3 -mfloat-abi=hard -Wl,-build-id=none -specs=Xilinx.spec -Wl,-T -Wl,../src/lscript.ld -L../../test_bsp/ps7_cortexa9_0/lib -o "test.elf"  ./src/helloworld.o   -Wl,--start-group,-lxil,-lgcc,-lc,--end-group
Finished building target: test.elf
 
Invoking: ARM v7 Print Size
arm-none-eabi-size test.elf  |tee "test.elf.size"
   text	   data	    bss	    dec	    hex	filename
  71344	   2580	  23328	  97252	  17be4	test.elf
Finished building: test.elf.size
 
14:56:28 **** Incremental Build of configuration Debug for project test ****
make pre-build main-build 
a9-linaro-pre-build-step
 
make: Цель «main-build» не требует выполнения команд.
14:57:15 **** Incremental Build of configuration Debug for project test ****
make pre-build main-build 
a9-linaro-pre-build-step
 
make: Цель «main-build» не требует выполнения команд.
